Microchip MPLAB XC8 Compiler V2.36

Linker command line:

-W-3 --edf=C:\Program Files\Microchip\xc8\v2.36\pic\dat\en_msgs.txt -cn \
  -h+dist/default/production\Clase_6_UART_2.X.production.sym \
  --cmf=dist/default/production\Clase_6_UART_2.X.production.cmf -z \
  -Q18F2450 -oC:\Users\LUISDI~1\AppData\Local\Temp\xcAs3e4.4 \
  --defsym=__MPLAB_BUILD=1 \
  -Mdist/default/production/Clase_6_UART_2.X.production.map \
  --md=C:\Users\LUISDI~1\AppData\Local\Temp\xcAs3e4.dat -E1 \
  -ver=XC8 Compiler --acfsm=1493 -ACODE=00h-03FFFh -ACONST=00h-03FFFh \
  -ASMALLCONST=0500h-05FFhx59 -AMEDIUMCONST=0500h-03FFFh -ACOMRAM=01h-05Fh \
  -AABS1=00h-01FFh,0400h-04FFh -ABIGRAM=01h-01FFh,0400h-04FFh \
  -ARAM=060h-0FFh,0100h-01FFh,0400h-04FFh -ABANK0=060h-0FFh \
  -ABANK1=0100h-01FFh -ABANK4=0400h-04FFh -ASFR=0F60h-0FFFh \
  -ABIGSFR=0F60h-0FFFh -ACONFIG=0300000h-030000Dh -AIDLOC=0200000h-0200007h \
  -preset_vec=00h,intcode,intcodelo,powerup,init -pramtop=0500h \
  -psmallconst=SMALLCONST -pmediumconst=MEDIUMCONST -pconst=CONST \
  -AFARRAM=00h-00h \
  -prdata=COMRAM,nvrram=COMRAM,nvbit=COMRAM,rbss=COMRAM,rbit=COMRAM \
  -pfarbss=FARRAM,fardata=FARRAM,nvFARRAM=FARRAM \
  -pintsave_regs=BIGRAM,bigbss=BIGRAM,bigdata=BIGRAM -pbss=RAM \
  -pidata=CODE,irdata=CODE,ibigdata=CODE,ifardata=CODE -prparam=COMRAM \
  C:\Users\LUISDI~1\AppData\Local\Temp\xcAs3e4.o \
  dist/default/production\Clase_6_UART_2.X.production.o 

Object code version is 3.11

Machine type is 18F2450



                Name                               Link     Load   Length Selector   Space Scale
C:\Users\LUISDI~1\AppData\Local\Temp\xcAs3e4.o
                idloc                            200000   200000        8        0       5
                config                           300000   300000        E        0       4
                init                                  0        0        4        0       0
dist/default/production\Clase_6_UART_2.X.production.o
                idloc                            200000   200000        8        0       5
                config                           300000   300000        E        0       4
                text3                              3EF4     3EF4      10C     1F7A       0
                text2                              3E98     3E98       5C     1F4C       0
                text1                              3E10     3E10       3C     1F08       0
                text0                              3E4C     3E4C       4C     1F26       0
                cstackCOMRAM                          1        1       23        1       1
                dataCOMRAM                           24       24        D        1       1
                cinit                              3DEA     3DEA       26     1EF5       0
                idataCOMRAM                        3DDD     3DDD        D     3DDD       0

TOTAL           Name                               Link     Load   Length     Space
        CLASS   CODE           
                init                                  0        0        4         0
                text3                              3EF4     3EF4      10C         0
                text2                              3E98     3E98       5C         0
                text1                              3E10     3E10       3C         0
                text0                              3E4C     3E4C       4C         0
                cinit                              3DEA     3DEA       26         0
                idataCOMRAM                        3DDD     3DDD        D         0

        CLASS   CONST          

        CLASS   SMALLCONST     

        CLASS   MEDIUMCONST    

        CLASS   COMRAM         
                cstackCOMRAM                          1        1       23         1
                dataCOMRAM                           24       24        D         1

        CLASS   ABS1           

        CLASS   BIGRAM         

        CLASS   RAM            

        CLASS   BANK0          

        CLASS   BANK1          

        CLASS   BANK4          

        CLASS   SFR            

        CLASS   BIGSFR         

        CLASS   CONFIG         
                config                           300000   300000        E         4

        CLASS   IDLOC          
                idloc                            200000   200000        8         5

        CLASS   FARRAM         

        CLASS   HEAP           

        CLASS   STACK          



SEGMENTS        Name                           Load    Length   Top    Selector   Space  Class

                reset_vec                      000000  000004  000004         0       0  CODE    
                cstackCOMRAM                   000001  000030  000031         1       1  COMRAM  
                idataCOMRAM                    003DDD  00000D  003DEA      3DDD       0  CODE    
                cinit                          003DEA  000026  003E10      1EF5       0  CODE    
                text1                          003E10  00003C  003E4C      1F08       0  CODE    
                text0                          003E4C  00004C  003E98      1F26       0  CODE    
                text2                          003E98  00005C  003EF4      1F4C       0  CODE    
                text3                          003EF4  00010C  004000      1F7A       0  CODE    


UNUSED ADDRESS RANGES

        Name                Unused          Largest block    Delta
        BANK0            000060-0000FF               A0
        BANK1            000100-0001FF              100
        BANK4            000400-0004FF              100
        BIGRAM           000031-0001FF              1CF
                         000400-0004FF              100
        BIGSFR           000F60-000FFF               A0
        CODE             000004-003DDC             3DD9
        COMRAM           000031-00005F               2F
        CONST            000004-003DDC             3DD9
        MEDIUMCONST      000500-003DDC             38DD
        RAM              000060-0001FF               A0
                         000400-0004FF              100
        SFR              000F60-000FFF               A0
        SMALLCONST       000500-003DDC              100

                                  Symbol Table

?___aldiv                cstackCOMRAM 000001
_ADCON1bits              (abs)        000FC1
_BAUDCON                 (abs)        000FB8
_BAUDCONbits             (abs)        000FB8
_RCSTA                   (abs)        000FAB
_SPBRG                   (abs)        000FAF
_SPBRGH                  (abs)        000FB0
_TRISCbits               (abs)        000F94
_TXREG                   (abs)        000FAD
_TXSTA                   (abs)        000FAC
_TXSTAbits               (abs)        000FAC
__HRAM                   (abs)        000000
__Habs1                  abs1         000000
__Hbank0                 bank0        000000
__Hbank1                 bank1        000000
__Hbank4                 bank4        000000
__Hbigbss                bigbss       000000
__Hbigdata               bigdata      000000
__Hbigram                bigram       000000
__Hbigsfr                bigsfr       000000
__Hbss                   bss          000000
__Hcinit                 cinit        000000
__Hclrtext               clrtext      000000
__Hcomram                comram       000000
__Hconfig                config       30000E
__Hconst                 const        000000
__HcstackCOMRAM          cstackCOMRAM 000000
__Hdata                  data         000000
__HdataCOMRAM            dataCOMRAM   000000
__Hfarbss                farbss       000000
__Hfardata               fardata      000000
__Hheap                  heap         000000
__Hibigdata              ibigdata     000000
__Hidata                 idata        000000
__HidataCOMRAM           idataCOMRAM  000000
__Hidloc                 idloc        200008
__Hifardata              ifardata     000000
__Hinit                  init         000004
__Hintcode               intcode      000000
__Hintcode_body          intcode_body 000000
__Hintcodelo             intcodelo    000000
__Hintentry              intentry     000000
__Hintret                intret       000000
__Hintsave_regs          intsave_regs 000000
__Hirdata                irdata       000000
__Hmediumconst           mediumconst  000000
__HnvFARRAM              nvFARRAM     000000
__Hnvbit                 nvbit        000000
__Hnvrram                nvrram       000000
__Hparam                 rparam       000000
__Hpowerup               powerup      000000
__Hram                   ram          000000
__Hramtop                ramtop       000500
__Hrbit                  rbit         000000
__Hrbss                  rbss         000000
__Hrdata                 rdata        000000
__Hreset_vec             reset_vec    000000
__Hrparam                rparam       000000
__Hsfr                   sfr          000000
__Hsmallconst            smallconst   000000
__Hspace_0               (abs)        004000
__Hspace_1               (abs)        000031
__Hspace_2               (abs)        000000
__Hspace_4               (abs)        60000E
__Hstack                 stack        000000
__Hstruct                struct       000000
__Htemp                  temp         000000
__Htext                  text         000000
__Htext0                 text0        000000
__Htext1                 text1        000000
__Htext2                 text2        000000
__Htext3                 text3        000000
__LRAM                   (abs)        000001
__Labs1                  abs1         000000
__Lbank0                 bank0        000000
__Lbank1                 bank1        000000
__Lbank4                 bank4        000000
__Lbigbss                bigbss       000000
__Lbigdata               bigdata      000000
__Lbigram                bigram       000000
__Lbigsfr                bigsfr       000000
__Lbss                   bss          000000
__Lcinit                 cinit        000000
__Lclrtext               clrtext      000000
__Lcomram                comram       000000
__Lconfig                config       000000
__Lconst                 const        000000
__LcstackCOMRAM          cstackCOMRAM 000000
__Ldata                  data         000000
__LdataCOMRAM            dataCOMRAM   000000
__Lfarbss                farbss       000000
__Lfardata               fardata      000000
__Lheap                  heap         000000
__Libigdata              ibigdata     000000
__Lidata                 idata        000000
__LidataCOMRAM           idataCOMRAM  000000
__Lidloc                 idloc        000000
__Lifardata              ifardata     000000
__Linit                  init         000000
__Lintcode               intcode      000000
__Lintcode_body          intcode_body 000000
__Lintcodelo             intcodelo    000000
__Lintentry              intentry     000000
__Lintret                intret       000000
__Lintsave_regs          intsave_regs 000000
__Lirdata                irdata       000000
__Lmediumconst           mediumconst  000000
__LnvFARRAM              nvFARRAM     000000
__Lnvbit                 nvbit        000000
__Lnvrram                nvrram       000000
__Lparam                 rparam       000000
__Lpowerup               powerup      000000
__Lram                   ram          000000
__Lramtop                ramtop       000500
__Lrbit                  rbit         000000
__Lrbss                  rbss         000000
__Lrdata                 rdata        000000
__Lreset_vec             reset_vec    000000
__Lrparam                rparam       000000
__Lsfr                   sfr          000000
__Lsmallconst            smallconst   000000
__Lspace_0               (abs)        000000
__Lspace_1               (abs)        000000
__Lspace_2               (abs)        000000
__Lspace_4               (abs)        000000
__Lstack                 stack        000000
__Lstruct                struct       000000
__Ltemp                  temp         000000
__Ltext                  text         000000
__Ltext0                 text0        000000
__Ltext1                 text1        000000
__Ltext2                 text2        000000
__Ltext3                 text3        000000
__S0                     (abs)        004000
__S1                     (abs)        000031
__S4                     (abs)        000000
__S5                     (abs)        000000
___aldiv                 text3        003EF4
___aldiv@counter         cstackCOMRAM 000009
___aldiv@dividend        cstackCOMRAM 000001
___aldiv@divisor         cstackCOMRAM 000005
___aldiv@quotient        cstackCOMRAM 00000B
___aldiv@sign            cstackCOMRAM 00000A
___heap_hi               (abs)        000000
___heap_lo               (abs)        000000
___inthi_sp              stack        000000
___intlo_sp              stack        000000
___param_bank            (abs)        000000
___rparam_used           (abs)        000001
___sp                    stack        000000
__accesstop              (abs)        000060
__activetblptr           (abs)        000000
__end_of___aldiv         text3        004000
__end_of__initialization cinit        003E0A
__end_of_main            text0        003E98
__end_of_uartConfig      text2        003EF4
__end_of_uart_transmit   text1        003E4C
__initialization         cinit        003DEA
__mediumconst            mediumconst  000000
__pcinit                 cinit        003DEA
__pcstackCOMRAM          cstackCOMRAM 000001
__pdataCOMRAM            dataCOMRAM   000024
__pidataCOMRAM           idataCOMRAM  003DDD
__ptext0                 text0        003E4C
__ptext1                 text1        003E10
__ptext2                 text2        003E98
__ptext3                 text3        003EF4
__ramtop                 ramtop       000500
__smallconst             smallconst   000000
_main                    text0        003E4C
_uartConfig              text2        003E98
_uart_transmit           text1        003E10
end_of_initialization    cinit        003E0A
intlevel0                text         000000
intlevel1                text         000000
intlevel2                text         000000
intlevel3                text         000000
isa$std                  (abs)        000001
isa$xinst                (abs)        000000
main@F2762               dataCOMRAM   000024
main@mensaje             cstackCOMRAM 000017
stackhi                  (abs)        000000
stacklo                  (abs)        000000
start                    init         000000
start_initialization     cinit        003DEA
uartConfig@baud_desaired cstackCOMRAM 00000F
uartConfig@baud_rate     cstackCOMRAM 000013
uart_transmit@message    cstackCOMRAM 000001


MODULE INFORMATION

Module		Function		Class		Link	Load	Size
shared
		__initialization		CODE           	3DEA	0000	32

shared estimated size: 32

C:\Program Files\Microchip\xc8\v2.36\pic\sources\c99\common\aldiv.c
		___aldiv       		CODE           	3EF4	0000	268

C:\Program Files\Microchip\xc8\v2.36\pic\sources\c99\common\aldiv.c estimated size: 268

main.c
		_uart_transmit 		CODE           	3E10	0000	60
		_main          		CODE           	3E4C	0000	76
		_uartConfig    		CODE           	3E98	0000	92

main.c estimated size: 228

