Microchip MPLAB XC8 PIC(R) Assembler V2.36

Linker command line:

-W-3 --edf=C:\Program Files\Microchip\xc8\v2.36\pic\dat\en_msgs.txt -cs \
  -h+dist/default/production\intro_assembler.X.production.sym \
  --cmf=dist/default/production\intro_assembler.X.production.cmf -z \
  -Q16F84A -oC:\Users\LUISDI~1\AppData\Local\Temp\xcAs1s4.4 \
  -ver=XC8 PIC(R) Assembler \
  -Mdist/default/production/intro_assembler.X.production.map -E1 \
  --acfsm=1493 -ACODE=00h-03FFh -ASTRCODE=00h-03FFh -ASTRING=00h-0FFhx4 \
  -ACONST=00h-0FFhx4 -AENTRY=00h-0FFhx4 -ABANK0=0Ch-04Dh -ARAM=0Ch-04Dh \
  -AABS1=0Ch-04Fh -ACOMMON=04Eh-04Fh -ASFR0=00h-0Bh -ASFR1=080h-0CDh \
  -ACONFIG=02007h-02007h -DCONFIG=2 -AIDLOC=02000h-02003h -DIDLOC=2 \
  -AEEDATA=00h-03Fh/02100h -DEEDATA=2 -DCODE=2 -DSTRCODE=2 -DSTRING=2 \
  -DCONST=2 -DENTRY=2 build/default/production/main.o 

Object code version is 3.11

Machine type is 16F84A



                Name                               Link     Load   Length Selector   Space Scale
build/default/production/main.o
                config                             2007     2007        1        0       4
                udata_bank1                           0        0        1        0       0
                udata_shr                             1        1        3        0       0
                code                                  0        0       17        0       0
                udata                                 C        C        1        C       1

TOTAL           Name                               Link     Load   Length     Space
        CLASS   CODE           
                code                                  0        0       17         0

        CLASS   STRCODE        

        CLASS   STRING         

        CLASS   CONST          

        CLASS   ENTRY          

        CLASS   BANK0          

        CLASS   RAM            
                udata                                 C        C        1         1

        CLASS   ABS1           

        CLASS   COMMON         

        CLASS   SFR0           

        CLASS   SFR1           

        CLASS   CONFIG         
                config                             2007     2007        1         4

        CLASS   IDLOC          

        CLASS   EEDATA         

        CLASS   UNCLASSED
                udata_bank1                           0        0        1         0
                udata_shr                             1        1        3         0


SEGMENTS        Name                           Load    Length   Top    Selector   Space  Class     Delta

                udata                          00000C  000001  00000D         C       1  RAM         1


UNUSED ADDRESS RANGES

        Name                Unused          Largest block    Delta
        BANK0            000D-004D             41           1
        CODE             0017-03FF            3E9           2
        COMMON           004E-004F              2           1
        CONST            0017-03FF            100           2
        EEDATA           2100-213F             40           2
        ENTRY            0017-03FF            100           2
        IDLOC            2000-2003              4           2
        RAM              000D-004D             41           1
        SFR1             0080-00CD             4E           1
        STRCODE          0017-03FF            3E9           2
        STRING           0017-03FF            100           2

                                  Symbol Table

__Hcode        code        0000  __Hconfig      config      2008
__Hdata        data        0004  __Hedata       edata       0004
__Hspace_0     (abs)       0017  __Hspace_1     (abs)       000D
__Hspace_3     (abs)       0000  __Hspace_4     (abs)       400F
__Hudata       udata       0004  __Hudata_bank0 udata_bank0 0004
__Hudata_bank1 udata_bank1 0001  __Hudata_shr   udata_shr   0004
__Lcode        code        0000  __Lconfig      config      0000
__Ldata        data        0004  __Ledata       edata       0004
__Lspace_0     (abs)       0000  __Lspace_1     (abs)       0000
__Lspace_3     (abs)       0000  __Lspace_4     (abs)       0000
__Ludata       udata       0004  __Ludata_bank0 udata_bank0 0004
__Ludata_bank1 udata_bank1 0000  __Ludata_shr   udata_shr   0001
__S0           (abs)       0000  __S1           (abs)       000D
__S3           (abs)       0000  
